[0.014s] Invoking command in '/home/v120506/rmitbot_v4/lesson2_ws/build/rmitbot_bringup': CMAKE_PREFIX_PATH=${CMAKE_PREFIX_PATH}:/opt/ros/jazzy DEBUGINFOD_URLS=https://debuginfod.ubuntu.com /usr/bin/cmake /home/v120506/rmitbot_v4/lesson2_ws/src/rmitbot_bringup -DCMAKE_INSTALL_PREFIX=/home/v120506/rmitbot_v4/lesson2_ws/install/rmitbot_bringup
[0.078s] -- The C compiler identification is GNU 13.3.0
[0.142s] -- The CXX compiler identification is GNU 13.3.0
[0.161s] -- Detecting C compiler ABI info
[0.263s] -- Detecting C compiler ABI info - done
[0.274s] -- Check for working C compiler: /usr/bin/cc - skipped
[0.275s] -- Detecting C compile features
[0.276s] -- Detecting C compile features - done
[0.286s] -- Detecting CXX compiler ABI info
[0.412s] -- Detecting CXX compiler ABI info - done
[0.430s] -- Check for working CXX compiler: /usr/bin/c++ - skipped
[0.430s] -- Detecting CXX compile features
[0.431s] -- Detecting CXX compile features - done
[0.438s] -- Found ament_cmake: 2.5.4 (/opt/ros/jazzy/share/ament_cmake/cmake)
[0.650s] -- Found Python3: /usr/bin/python3 (found version "3.12.3") found components: Interpreter 
[0.895s] -- Configuring done (0.9s)
[0.897s] -- Generating done (0.0s)
[0.899s] -- Build files have been written to: /home/v120506/rmitbot_v4/lesson2_ws/build/rmitbot_bringup
[0.904s] Invoked command in '/home/v120506/rmitbot_v4/lesson2_ws/build/rmitbot_bringup' returned '0': CMAKE_PREFIX_PATH=${CMAKE_PREFIX_PATH}:/opt/ros/jazzy DEBUGINFOD_URLS=https://debuginfod.ubuntu.com /usr/bin/cmake /home/v120506/rmitbot_v4/lesson2_ws/src/rmitbot_bringup -DCMAKE_INSTALL_PREFIX=/home/v120506/rmitbot_v4/lesson2_ws/install/rmitbot_bringup
[0.905s] Invoking command in '/home/v120506/rmitbot_v4/lesson2_ws/build/rmitbot_bringup': CMAKE_PREFIX_PATH=${CMAKE_PREFIX_PATH}:/opt/ros/jazzy DEBUGINFOD_URLS=https://debuginfod.ubuntu.com /usr/bin/cmake --build /home/v120506/rmitbot_v4/lesson2_ws/build/rmitbot_bringup -- -j8 -l8
[0.967s] Invoked command in '/home/v120506/rmitbot_v4/lesson2_ws/build/rmitbot_bringup' returned '0': CMAKE_PREFIX_PATH=${CMAKE_PREFIX_PATH}:/opt/ros/jazzy DEBUGINFOD_URLS=https://debuginfod.ubuntu.com /usr/bin/cmake --build /home/v120506/rmitbot_v4/lesson2_ws/build/rmitbot_bringup -- -j8 -l8
[0.968s] Invoking command in '/home/v120506/rmitbot_v4/lesson2_ws/build/rmitbot_bringup': CMAKE_PREFIX_PATH=${CMAKE_PREFIX_PATH}:/opt/ros/jazzy DEBUGINFOD_URLS=https://debuginfod.ubuntu.com /usr/bin/cmake --install /home/v120506/rmitbot_v4/lesson2_ws/build/rmitbot_bringup
[0.976s] -- Install configuration: ""
[0.977s] -- Installing: /home/v120506/rmitbot_v4/lesson2_ws/install/rmitbot_bringup/share/rmitbot_bringup/launch
[0.977s] -- Installing: /home/v120506/rmitbot_v4/lesson2_ws/install/rmitbot_bringup/share/rmitbot_bringup/launch/rmitbot.launch.py
[0.977s] -- Installing: /home/v120506/rmitbot_v4/lesson2_ws/install/rmitbot_bringup/share/ament_index/resource_index/package_run_dependencies/rmitbot_bringup
[0.977s] -- Installing: /home/v120506/rmitbot_v4/lesson2_ws/install/rmitbot_bringup/share/ament_index/resource_index/parent_prefix_path/rmitbot_bringup
[0.977s] -- Installing: /home/v120506/rmitbot_v4/lesson2_ws/install/rmitbot_bringup/share/rmitbot_bringup/environment/ament_prefix_path.sh
[0.978s] -- Installing: /home/v120506/rmitbot_v4/lesson2_ws/install/rmitbot_bringup/share/rmitbot_bringup/environment/ament_prefix_path.dsv
[0.978s] -- Installing: /home/v120506/rmitbot_v4/lesson2_ws/install/rmitbot_bringup/share/rmitbot_bringup/environment/path.sh
[0.978s] -- Installing: /home/v120506/rmitbot_v4/lesson2_ws/install/rmitbot_bringup/share/rmitbot_bringup/environment/path.dsv
[0.979s] -- Installing: /home/v120506/rmitbot_v4/lesson2_ws/install/rmitbot_bringup/share/rmitbot_bringup/local_setup.bash
[0.979s] -- Installing: /home/v120506/rmitbot_v4/lesson2_ws/install/rmitbot_bringup/share/rmitbot_bringup/local_setup.sh
[0.979s] -- Installing: /home/v120506/rmitbot_v4/lesson2_ws/install/rmitbot_bringup/share/rmitbot_bringup/local_setup.zsh
[0.979s] -- Installing: /home/v120506/rmitbot_v4/lesson2_ws/install/rmitbot_bringup/share/rmitbot_bringup/local_setup.dsv
[0.979s] -- Installing: /home/v120506/rmitbot_v4/lesson2_ws/install/rmitbot_bringup/share/rmitbot_bringup/package.dsv
[0.979s] -- Installing: /home/v120506/rmitbot_v4/lesson2_ws/install/rmitbot_bringup/share/ament_index/resource_index/packages/rmitbot_bringup
[0.979s] -- Installing: /home/v120506/rmitbot_v4/lesson2_ws/install/rmitbot_bringup/share/rmitbot_bringup/cmake/rmitbot_bringupConfig.cmake
[0.980s] -- Installing: /home/v120506/rmitbot_v4/lesson2_ws/install/rmitbot_bringup/share/rmitbot_bringup/cmake/rmitbot_bringupConfig-version.cmake
[0.980s] -- Installing: /home/v120506/rmitbot_v4/lesson2_ws/install/rmitbot_bringup/share/rmitbot_bringup/package.xml
[0.982s] Invoked command in '/home/v120506/rmitbot_v4/lesson2_ws/build/rmitbot_bringup' returned '0': CMAKE_PREFIX_PATH=${CMAKE_PREFIX_PATH}:/opt/ros/jazzy DEBUGINFOD_URLS=https://debuginfod.ubuntu.com /usr/bin/cmake --install /home/v120506/rmitbot_v4/lesson2_ws/build/rmitbot_bringup
